// Jest Snapshot v1, https://goo.gl/fbAQLP

exports[`CardContainer should match the snapshot 1`] = `
ShallowWrapper {
  "length": 1,
  Symbol(enzyme.__root__): [Circular],
  Symbol(enzyme.__unrendered__): <CardContainer
    allDistricts={
        Array [
            Object {
              "location": "COLORADO",
              "stats": Object {
                "2007": 0.111,
              },
            },
          ]
    }
    selectDistrict={[Function]}
    selectedCards={
        Array [
            Object {
              "location": "COLORADO",
              "stats": Object {
                "2007": 0.111,
              },
            },
          ]
    }
    unselect={[Function]}
/>,
  Symbol(enzyme.__renderer__): Object {
    "batchedUpdates": [Function],
    "getNode": [Function],
    "render": [Function],
    "simulateEvent": [Function],
    "unmount": [Function],
  },
  Symbol(enzyme.__node__): Object {
    "instance": null,
    "key": undefined,
    "nodeType": "host",
    "props": Object {
      "children": Array [
        <Card
          district={
                    Object {
                              "location": "COLORADO",
                              "stats": Object {
                                "2007": 0.111,
                              },
                            }
          }
          selectDistrict={[Function]}
          selected={true}
          unselect={[Function]}
/>,
      ],
      "className": "card-container",
    },
    "ref": null,
    "rendered": Array [
      Object {
        "instance": null,
        "key": "COLORADO",
        "nodeType": "function",
        "props": Object {
          "district": Object {
            "location": "COLORADO",
            "stats": Object {
              "2007": 0.111,
            },
          },
          "selectDistrict": [Function],
          "selected": true,
          "unselect": [Function],
        },
        "ref": null,
        "rendered": null,
        "type": [Function],
      },
    ],
    "type": "div",
  },
  Symbol(enzyme.__nodes__): Array [
    Object {
      "instance": null,
      "key": undefined,
      "nodeType": "host",
      "props": Object {
        "children": Array [
          <Card
            district={
                        Object {
                                    "location": "COLORADO",
                                    "stats": Object {
                                      "2007": 0.111,
                                    },
                                  }
            }
            selectDistrict={[Function]}
            selected={true}
            unselect={[Function]}
/>,
        ],
        "className": "card-container",
      },
      "ref": null,
      "rendered": Array [
        Object {
          "instance": null,
          "key": "COLORADO",
          "nodeType": "function",
          "props": Object {
            "district": Object {
              "location": "COLORADO",
              "stats": Object {
                "2007": 0.111,
              },
            },
            "selectDistrict": [Function],
            "selected": true,
            "unselect": [Function],
          },
          "ref": null,
          "rendered": null,
          "type": [Function],
        },
      ],
      "type": "div",
    },
  ],
  Symbol(enzyme.__options__): Object {
    "adapter": ReactSixteenAdapter {
      "options": Object {
        "enableComponentDidUpdateOnSetState": true,
      },
    },
  },
}
`;
